../Core/Src/main.c:93:6:UART_Transmit	16	static
../Core/Src/main.c:98:6:UART_Receive	16	static
../Core/Src/main.c:103:6:USR_Signal_1	8	static
../Core/Src/main.c:105:6:USR_Signal_2	8	static
../Core/Src/main.c:107:6:USR_Signal_3	8	static
../Core/Src/main.c:110:6:PWM_Signal	24	static
../Core/Src/main.c:123:6:SIN_Signal	32	static
../Core/Src/main.c:139:6:TRI_Signal	24	static
../Core/Src/main.c:163:6:UART_Data	32	static
../Core/Src/main.c:178:6:Check_Xorsum	24	static
../Core/Src/main.c:200:6:Clear_Buffer	16	static
../Core/Src/main.c:208:6:Process_Command	112	static
../Core/Src/main.c:272:5:main	8	static
../Core/Src/main.c:326:6:SystemClock_Config	104	static
../Core/Src/main.c:371:13:MX_DAC1_Init	16	static
../Core/Src/main.c:411:13:MX_TIM2_Init	48	static
../Core/Src/main.c:460:13:MX_TIM3_Init	64	static
../Core/Src/main.c:519:13:MX_TIM6_Init	16	static
../Core/Src/main.c:557:13:MX_USART1_UART_Init	8	static
../Core/Src/main.c:590:13:MX_DMA_Init	16	static
../Core/Src/main.c:608:13:MX_GPIO_Init	24	static
../Core/Src/main.c:630:6:Error_Handler	8	static,ignoring_inline_asm
